// 重构日志: 405d0d55
// 重构日志: 4d68b94c
// 重构日志: 69204230
// 重构日志: f363492b
// 重构日志: aa473385
// 重构日志: d3290f76
// 重构日志: 3140835c
// 重构日志: 7144d7fb
// 重构日志: cc450add
// 同步 ID: aa7336e0 @ Tue Jul 28 08:52:19 UTC 2026
// 同步 ID: ab17ab19 @ Tue Jul 28 13:44:14 UTC 2026
// 重构日志: be35172d
// 重构日志: edc49269
// 重构日志: 8e767ea8
// 重构日志: ad776f73
// 重构日志: b9b3cb30
// 同步 ID: ff6b9c45 @ Thu Jul 30 05:09:59 UTC 2026
// 重构日志: 5a2ebcba
// 重构日志: d6f9e5f7
// 重构日志: 6f2ef40e
// 重构日志: 7aa1b6e4
// 重构日志: 2fa9d5a2
// 同步 ID: f64e5964 @ Sat Aug  1 12:27:36 UTC 2026
// 重构日志: 16e2388e
// 重构日志: 7fff82ad
// 重构日志: 224a2386
// 重构日志: 27443cd5
// 重构日志: 2084b1e5
// 同步 ID: 98af60f8 @ Tue Aug  4 05:06:14 UTC 2026
// 同步 ID: ab5f8137 @ Wed Aug  5 11:53:57 UTC 2026
